wsl : ERROR:config:CONFIG_ERROR: Missing TMDB_READ_ACCESS_TOKEN in environment.
At line:1 char:1
+ wsl python3 -m unittest discover tests > test_output.txt 2>&1
+ ~~~~~~~~~~~~~~~~~~~~~~~~~~~~~~~~~~~~~~~~~~~~~~~~~~~~~~~~~~~~~
    + CategoryInfo          : NotSpecified: (ERROR:config:CO...in environment.:String) [], RemoteException
    + FullyQualifiedErrorId : NativeCommandError
 
ERROR:config:CONFIG_ERROR: Missing EMAIL_SMTP_PASSWORD in environment.
ERROR:config:CONFIG_ERROR: Missing EMAIL_SMTP_USERNAME in environment.
ERROR:config:CONFIG_ERROR: Missing EMAIL_RECIPIENT in environment.
ERROR:config:CONFIG_ERROR: Missing required path base_movies_root: /data/scratch/movies
ERROR:config:CONFIG_ERROR: Missing required path base_tvseries_root: /data/scratch/tv-series
ERROR:config:CONFIG_ERROR: Missing required path target_movies_dir: /data/archive/movies
ERROR:config:CONFIG_ERROR: Missing required path target_tvseries_dir: /data/archive/tv-series
ERROR:config:CONFIG_ERROR: Missing required path scratch_dir: /data/scratch
ERROR:config:CONFIG_ERROR: Missing required path archive_dir: /data/archive
ERROR:config:CONFIG_ERROR: Missing database directory: /data/scratch
ERROR:config:CONFIG_ERROR: Missing queue file directory: /data/scratch
ERROR:config:CONFIG_ERROR: Missing tool FFmpeg: /usr/bin/ffmpeg
ERROR:config:CONFIG_ERROR: Missing tool FFprobe: /usr/bin/ffprobe
ERROR:config:CONFIG_ERROR: Missing tool MKVExtract: /usr/bin/mkvextract
ERROR:config:CONFIG_ERROR: Hardware device not found at /dev/dri/renderD128
.INFO:config:APP_CONFIG_VALIDATED_SUCCESSFULLY
.EEEEEEINFO:movie_utils:Found 2 movie file(s), selected largest: large.mkv
.INFO:movie_utils:Querying TMDB: 'The Matrix' (Year: 1999)
INFO:movie_utils:TMDB did not return a valid result. Falling back to regex.
INFO:movie_utils:Querying TMDB: 'Unknown Movie' (Year: None)
INFO:movie_utils:TMDB did not return a valid result. Falling back to regex.
.INFO:movie_utils:Querying TMDB: 'The Matrix' (Year: 1999)
INFO:movie_utils:TMDB Success: The.Matrix.1999
.EEE
======================================================================
ERROR: test_db_utils (unittest.loader._FailedTest.test_db_utils)
----------------------------------------------------------------------
ImportError: Failed to import test module: test_db_utils
Traceback (most recent call last):
  File "/usr/lib/python3.12/unittest/loader.py", line 394, in _find_test_path
    module = self._get_module_from_name(name)
             ^^^^^^^^^^^^^^^^^^^^^^^^^^^^^^^^
  File "/usr/lib/python3.12/unittest/loader.py", line 337, in _get_module_from_name
    __import__(name)
  File "/home/codrut/movie-conversion/tests/test_db_utils.py", line 3, in <module>
    from db_utils import DatabaseManager
  File "/home/codrut/movie-conversion/db_utils.py", line 12, in <module>
    from models import JobStatus
  File "/home/codrut/movie-conversion/models.py", line 22, in <module>
    from tvseries_utils import sanitize_tvseries_name
  File "/home/codrut/movie-conversion/tvseries_utils.py", line 11, in <module>
    from db_utils import DatabaseManager
ImportError: cannot import name 'DatabaseManager' from partially initialized module 'db_utils' (most likely due to a 
circular import) (/home/codrut/movie-conversion/db_utils.py)


======================================================================
ERROR: test_domain_models (unittest.loader._FailedTest.test_domain_models)
----------------------------------------------------------------------
ImportError: Failed to import test module: test_domain_models
Traceback (most recent call last):
  File "/usr/lib/python3.12/unittest/loader.py", line 394, in _find_test_path
    module = self._get_module_from_name(name)
             ^^^^^^^^^^^^^^^^^^^^^^^^^^^^^^^^
  File "/usr/lib/python3.12/unittest/loader.py", line 337, in _get_module_from_name
    __import__(name)
  File "/home/codrut/movie-conversion/tests/test_domain_models.py", line 3, in <module>
    from models import MediaFactory, MediaType, Movie, TVEpisode, VideoStreamInfo
  File "/home/codrut/movie-conversion/models.py", line 22, in <module>
    from tvseries_utils import sanitize_tvseries_name
  File "/home/codrut/movie-conversion/tvseries_utils.py", line 11, in <module>
    from db_utils import DatabaseManager
  File "/home/codrut/movie-conversion/db_utils.py", line 12, in <module>
    from models import JobStatus
ImportError: cannot import name 'JobStatus' from partially initialized module 'models' (most likely due to a circular 
import) (/home/codrut/movie-conversion/models.py)


======================================================================
ERROR: test_idx_move (unittest.loader._FailedTest.test_idx_move)
----------------------------------------------------------------------
ImportError: Failed to import test module: test_idx_move
Traceback (most recent call last):
  File "/usr/lib/python3.12/unittest/loader.py", line 394, in _find_test_path
    module = self._get_module_from_name(name)
             ^^^^^^^^^^^^^^^^^^^^^^^^^^^^^^^^
  File "/usr/lib/python3.12/unittest/loader.py", line 337, in _get_module_from_name
    __import__(name)
  File "/home/codrut/movie-conversion/tests/test_idx_move.py", line 26, in <module>
    from conversion_utils import process_movie_file
  File "/home/codrut/movie-conversion/conversion_utils.py", line 11, in <module>
    from models import JobContext, EncodingTier
  File "/home/codrut/movie-conversion/models.py", line 22, in <module>
    from tvseries_utils import sanitize_tvseries_name
  File "/home/codrut/movie-conversion/tvseries_utils.py", line 11, in <module>
    from db_utils import DatabaseManager
  File "/home/codrut/movie-conversion/db_utils.py", line 12, in <module>
    from models import JobStatus
ImportError: cannot import name 'JobStatus' from partially initialized module 'models' (most likely due to a circular 
import) (/home/codrut/movie-conversion/models.py)


======================================================================
ERROR: test_idx_move_full (unittest.loader._FailedTest.test_idx_move_full)
----------------------------------------------------------------------
ImportError: Failed to import test module: test_idx_move_full
Traceback (most recent call last):
  File "/usr/lib/python3.12/unittest/loader.py", line 394, in _find_test_path
    module = self._get_module_from_name(name)
             ^^^^^^^^^^^^^^^^^^^^^^^^^^^^^^^^
  File "/usr/lib/python3.12/unittest/loader.py", line 337, in _get_module_from_name
    __import__(name)
  File "/home/codrut/movie-conversion/tests/test_idx_move_full.py", line 20, in <module>
    from conversion_utils import process_movie_file, process_tv_series_file
  File "/home/codrut/movie-conversion/conversion_utils.py", line 11, in <module>
    from models import JobContext, EncodingTier
  File "/home/codrut/movie-conversion/models.py", line 22, in <module>
    from tvseries_utils import sanitize_tvseries_name
  File "/home/codrut/movie-conversion/tvseries_utils.py", line 11, in <module>
    from db_utils import DatabaseManager
  File "/home/codrut/movie-conversion/db_utils.py", line 12, in <module>
    from models import JobStatus
ImportError: cannot import name 'JobStatus' from partially initialized module 'models' (most likely due to a circular 
import) (/home/codrut/movie-conversion/models.py)


======================================================================
ERROR: test_mapping_logic (unittest.loader._FailedTest.test_mapping_logic)
----------------------------------------------------------------------
ImportError: Failed to import test module: test_mapping_logic
Traceback (most recent call last):
  File "/usr/lib/python3.12/unittest/loader.py", line 394, in _find_test_path
    module = self._get_module_from_name(name)
             ^^^^^^^^^^^^^^^^^^^^^^^^^^^^^^^^
  File "/usr/lib/python3.12/unittest/loader.py", line 337, in _get_module_from_name
    __import__(name)
  File "/home/codrut/movie-conversion/tests/test_mapping_logic.py", line 10, in <module>
    from encoding_utils import build_qsv_command
  File "/home/codrut/movie-conversion/encoding_utils.py", line 15, in <module>
    from models import MediaItem
  File "/home/codrut/movie-conversion/models.py", line 22, in <module>
    from tvseries_utils import sanitize_tvseries_name
  File "/home/codrut/movie-conversion/tvseries_utils.py", line 11, in <module>
Filename                                                                         | Detected Language
    from db_utils import DatabaseManager
----------------------------------------------------------------------------------------------------
Runway.34.2022.en.srt                                                            | en
  File "/home/codrut/movie-conversion/db_utils.py", line 12, in <module>
    from models import JobStatus
Runway.34.2022.ro.srt                                                            | ro
Movie.Title.eng.srt                                                              | en
ImportError: cannot import name 'JobStatus' from partially initialized module 'models' (most likely due to a circular 
import) (/home/codrut/movie-conversion/models.py)

NCIS.Origins.S01E01.Enter.Sandman.Part.1.1080p.AMZN.WEB-DL.DDP5.1.H.264-FLUX.srt | fallback_to_detection
Just.A.Movie.Name.srt                                                            | fallback_to_detection

======================================================================
Another.Movie.rum.srt                                                            | ro
Running Name Sanitization Tests...
ERROR: test_merge_logic (unittest.loader._FailedTest.test_merge_logic)

Original:  Millennium.Actress.1080p.BluRay.FLAC.x264-FiLELiST
----------------------------------------------------------------------
ImportError: Failed to import test module: test_merge_logic
Traceback (most recent call last):
  File "/usr/lib/python3.12/unittest/loader.py", line 394, in _find_test_path
    module = self._get_module_from_name(name)
             ^^^^^^^^^^^^^^^^^^^^^^^^^^^^^^^^
  File "/usr/lib/python3.12/unittest/loader.py", line 337, in _get_module_from_name
    __import__(name)
  File "/home/codrut/movie-conversion/tests/test_merge_logic.py", line 19, in <module>
    from conversion_utils import process_movie_directory
  File "/home/codrut/movie-conversion/conversion_utils.py", line 11, in <module>
    from models import JobContext, EncodingTier
  File "/home/codrut/movie-conversion/models.py", line 22, in <module>
    from tvseries_utils import sanitize_tvseries_name
  File "/home/codrut/movie-conversion/tvseries_utils.py", line 11, in <module>
    from db_utils import DatabaseManager
  File "/home/codrut/movie-conversion/db_utils.py", line 12, in <module>
    from models import JobStatus
ImportError: cannot import name 'JobStatus' from partially initialized module 'models' (most likely due to a circular 
import) (/home/codrut/movie-conversion/models.py)


======================================================================
ERROR: test_name_fix (unittest.loader._FailedTest.test_name_fix)
----------------------------------------------------------------------
ImportError: Failed to import test module: test_name_fix
Traceback (most recent call last):
  File "/usr/lib/python3.12/unittest/loader.py", line 394, in _find_test_path
    module = self._get_module_from_name(name)
             ^^^^^^^^^^^^^^^^^^^^^^^^^^^^^^^^
  File "/usr/lib/python3.12/unittest/loader.py", line 337, in _get_module_from_name
    __import__(name)
  File "/home/codrut/movie-conversion/tests/test_name_fix.py", line 22, in <module>
    print(f"Sanitized: {sanitize_movie_name(filename)}")
                        ^^^^^^^^^^^^^^^^^^^^^^^^^^^^^
TypeError: sanitize_movie_name() missing 1 required positional argument: 'config'


======================================================================
ERROR: test_subtitle_fix (unittest.loader._FailedTest.test_subtitle_fix)
----------------------------------------------------------------------
ImportError: Failed to import test module: test_subtitle_fix
Traceback (most recent call last):
  File "/usr/lib/python3.12/unittest/loader.py", line 394, in _find_test_path
    module = self._get_module_from_name(name)
             ^^^^^^^^^^^^^^^^^^^^^^^^^^^^^^^^
  File "/usr/lib/python3.12/unittest/loader.py", line 337, in _get_module_from_name
    __import__(name)
  File "/home/codrut/movie-conversion/tests/test_subtitle_fix.py", line 17, in <module>
    from subtitle_utils import process_subtitle
  File "/home/codrut/movie-conversion/subtitle_utils.py", line 8, in <module>
    from charset_normalizer import from_bytes
ModuleNotFoundError: No module named 'charset_normalizer'


======================================================================
ERROR: test_tvseries_utils (unittest.loader._FailedTest.test_tvseries_utils)
----------------------------------------------------------------------
ImportError: Failed to import test module: test_tvseries_utils
Traceback (most recent call last):
  File "/usr/lib/python3.12/unittest/loader.py", line 394, in _find_test_path
    module = self._get_module_from_name(name)
             ^^^^^^^^^^^^^^^^^^^^^^^^^^^^^^^^
  File "/usr/lib/python3.12/unittest/loader.py", line 337, in _get_module_from_name
    __import__(name)
  File "/home/codrut/movie-conversion/tests/test_tvseries_utils.py", line 3, in <module>
    from tvseries_utils import sanitize_tvseries_name, clean_season_folder_name
  File "/home/codrut/movie-conversion/tvseries_utils.py", line 11, in <module>
    from db_utils import DatabaseManager
  File "/home/codrut/movie-conversion/db_utils.py", line 12, in <module>
    from models import JobStatus
  File "/home/codrut/movie-conversion/models.py", line 22, in <module>
    from tvseries_utils import sanitize_tvseries_name
ImportError: cannot import name 'sanitize_tvseries_name' from partially initialized module 'tvseries_utils' (most 
likely due to a circular import) (/home/codrut/movie-conversion/tvseries_utils.py)


----------------------------------------------------------------------
Ran 14 tests in 0.023s

FAILED (errors=9)
